[1768203894] === compile_changed_files called with 1 changed files ===
[1768203894] Root files to compile: 1
[1768203894] Primary root file: FileId(0)
[1768203894] Building HIR...
[1768203894] Using partial HIR despite 1 diagnostics
[1768203894] HIR built: Some
[1768203894] Building semantic index...
[1768203894] Calling build_semantic_index_multi...
[1768203894] file_csts has 1 files
[1768203894] build_semantic_index_multi: file_csts has 1 files
[1768203894] Found root CST, calling build_semantic_index...
[1768203894] build_semantic_index called with CST having 1 blocks
[1768203894] About to call build_symbol_table...
[1768203894] build_symbol_table returned 71 symbols
[1768203894] build_semantic_index returned 71 symbols
[1768203894] Semantic index built: 71 symbols
[1768203894] Processing Use statement:
[1768203894]   use_keyword: 0..3 = 'use'
[1768203894]   from_keyword: 10..14 = 'from'
[1768203894]   selector: 4..9 = 'print'
[1768203894]   path: 15..18 = 'std'
[1768203894] Processing Use statement:
[1768203894]   use_keyword: 20..23 = 'use'
[1768203894]   from_keyword: 28..32 = 'from'
[1768203894]   selector: 24..27 = 'map'
[1768203894]   path: 33..43 = 'functional'
[1768203894] Token at byte 0..1 -> line=0, col=0, delta_line=0, delta_start=0, length=1, type=2
[1768203894] Token at byte 4..5 -> line=0, col=4, delta_line=0, delta_start=3, length=1, type=2
[1768203894] Token at byte 6..9 -> line=0, col=6, delta_line=0, delta_start=1, length=3, type=0
[1768203894] Token at byte 10..14 -> line=0, col=10, delta_line=0, delta_start=1, length=4, type=3
[1768203894] Token at byte 15..18 -> line=0, col=15, delta_line=0, delta_start=1, length=3, type=8
[1768203894] Token at byte 20..23 -> line=1, col=0, delta_line=1, delta_start=0, length=3, type=3
[1768203894] Token at byte 24..25 -> line=1, col=4, delta_line=0, delta_start=1, length=1, type=2
[1768203894] Token at byte 25..28 -> line=1, col=5, delta_line=0, delta_start=0, length=3, type=2
[1768203894] Token at byte 28..32 -> line=1, col=8, delta_line=0, delta_start=0, length=4, type=3
[1768203894] Token at byte 33..43 -> line=1, col=13, delta_line=0, delta_start=1, length=10, type=8
[1768203894] Token at byte 46..63 -> line=3, col=0, delta_line=2, delta_start=0, length=0, type=7
[1768203894] Token at byte 63..156 -> line=4, col=0, delta_line=1, delta_start=0, length=0, type=7
[1768203894] Token at byte 157..196 -> line=6, col=0, delta_line=2, delta_start=0, length=0, type=7
[1768203894] Token at byte 196..233 -> line=7, col=0, delta_line=1, delta_start=0, length=0, type=7
[1768203894] Token at byte 234..309 -> line=9, col=0, delta_line=2, delta_start=0, length=0, type=7
[1768203894] Token at byte 309..311 -> line=10, col=0, delta_line=1, delta_start=0, length=2, type=3
[1768203894] Token at byte 312..315 -> line=10, col=3, delta_line=0, delta_start=1, length=3, type=0
[1768203894] Token at byte 362..454 -> line=14, col=0, delta_line=4, delta_start=0, length=0, type=7
[1768203894] Token at byte 454..534 -> line=15, col=0, delta_line=1, delta_start=0, length=0, type=7
[1768203894] Token at byte 534..536 -> line=16, col=0, delta_line=1, delta_start=0, length=2, type=3
[1768203894] Token at byte 537..547 -> line=16, col=3, delta_line=0, delta_start=1, length=10, type=0
[1768203894] Token at byte 605..693 -> line=17, col=35, delta_line=1, delta_start=35, length=0, type=7
[1768203894] Token at byte 696..811 -> line=20, col=0, delta_line=3, delta_start=0, length=0, type=7
[1768203894] Token at byte 811..891 -> line=21, col=0, delta_line=1, delta_start=0, length=0, type=7
[1768203894] Token at byte 891..893 -> line=22, col=0, delta_line=1, delta_start=0, length=2, type=3
[1768203894] Token at byte 894..902 -> line=22, col=3, delta_line=0, delta_start=1, length=8, type=0
[1768203894] Token at byte 968..1056 -> line=23, col=39, delta_line=1, delta_start=39, length=0, type=7
[1768203894] Token at byte 1079..1082 -> line=29, col=0, delta_line=6, delta_start=0, length=3, type=3
[1768203894] Token at byte 1083..1096 -> line=29, col=4, delta_line=0, delta_start=1, length=13, type=2
[1768203894] Token at byte 1109..1217 -> line=29, col=30, delta_line=0, delta_start=13, length=0, type=7
[1768203894] Token at byte 1241..1244 -> line=32, col=0, delta_line=3, delta_start=0, length=3, type=3
[1768203894] Token at byte 1245..1249 -> line=32, col=4, delta_line=0, delta_start=1, length=4, type=1
[1768203894] Token at byte 1262..1334 -> line=32, col=21, delta_line=0, delta_start=13, length=0, type=7
[1768203894] Token at byte 1354..1386 -> line=36, col=0, delta_line=4, delta_start=0, length=0, type=7
[1768203894] Token at byte 1386..1389 -> line=37, col=0, delta_line=1, delta_start=0, length=3, type=3
[1768203894] Token at byte 1390..1392 -> line=37, col=4, delta_line=0, delta_start=1, length=2, type=1
[1768203894] Token at byte 1407..1410 -> line=39, col=0, delta_line=2, delta_start=0, length=3, type=3
[1768203894] Token at byte 1411..1417 -> line=39, col=4, delta_line=0, delta_start=1, length=6, type=1
[1768203894] Token at byte 1464..1562 -> line=39, col=57, delta_line=0, delta_start=47, length=0, type=7
[1768203894] Token at byte 1580..1583 -> line=43, col=0, delta_line=4, delta_start=0, length=3, type=3
[1768203894] Token at byte 1584..1598 -> line=43, col=4, delta_line=0, delta_start=1, length=14, type=1
[1768203894] Token at byte 1623..1678 -> line=43, col=43, delta_line=0, delta_start=25, length=0, type=7
[1768203894] Token at byte 1704..1748 -> line=47, col=0, delta_line=4, delta_start=0, length=0, type=7
[1768203894] Token at byte 1748..1859 -> line=48, col=0, delta_line=1, delta_start=0, length=0, type=7
[1768203894] Token at byte 1859..1991 -> line=49, col=0, delta_line=1, delta_start=0, length=0, type=7
[1768203894] Token at byte 1991..2138 -> line=50, col=0, delta_line=1, delta_start=0, length=0, type=7
[1768203894] Token at byte 2139..2216 -> line=52, col=0, delta_line=2, delta_start=0, length=0, type=7
[1768203894] Token at byte 2218..2243 -> line=55, col=0, delta_line=3, delta_start=0, length=0, type=7
[1768203894] Token at byte 2243..2245 -> line=56, col=0, delta_line=1, delta_start=0, length=2, type=3
[1768203894] Token at byte 2246..2249 -> line=56, col=3, delta_line=0, delta_start=1, length=3, type=0
[1768203894] Token at byte 2297..2300 -> line=60, col=0, delta_line=4, delta_start=0, length=3, type=3
[1768203894] Token at byte 2301..2312 -> line=60, col=4, delta_line=0, delta_start=1, length=11, type=1
[1768203894] Token at byte 2337..2430 -> line=60, col=40, delta_line=0, delta_start=25, length=0, type=7
[1768203894] Token at byte 2431..2434 -> line=62, col=0, delta_line=2, delta_start=0, length=3, type=3
[1768203894] Token at byte 2435..2438 -> line=62, col=4, delta_line=0, delta_start=1, length=3, type=1
[1768203894] Token at byte 2458..2544 -> line=62, col=27, delta_line=0, delta_start=20, length=0, type=7
[1768203894] Token at byte 2559..2651 -> line=66, col=0, delta_line=4, delta_start=0, length=0, type=7
[1768203894] Token at byte 2652..2654 -> line=68, col=0, delta_line=2, delta_start=0, length=2, type=3
[1768203894] Token at byte 2655..2660 -> line=68, col=3, delta_line=0, delta_start=1, length=5, type=0
[1768203894] Token at byte 2763..2785 -> line=74, col=0, delta_line=6, delta_start=0, length=0, type=7
[1768203894] Token at byte 2785..2788 -> line=75, col=0, delta_line=1, delta_start=0, length=3, type=3
[1768203894] Token at byte 2789..2806 -> line=75, col=4, delta_line=0, delta_start=1, length=17, type=1
[1768203894] Token at byte 2860..2882 -> line=77, col=25, delta_line=2, delta_start=25, length=0, type=7
[1768203894] Token at byte 2883..2908 -> line=79, col=0, delta_line=2, delta_start=0, length=0, type=7
[1768203894] Token at byte 2908..2989 -> line=80, col=0, delta_line=1, delta_start=0, length=22, type=7
[1768203894] Token at byte 2992..3229 -> line=87, col=0, delta_line=7, delta_start=0, length=2, type=7
[1768203894] Token at byte 3233..3236 -> line=108, col=0, delta_line=21, delta_start=0, length=3, type=3
[1768203894] Token at byte 3237..3243 -> line=108, col=4, delta_line=0, delta_start=1, length=6, type=1
[1768203894] Token at byte 3411..3434 -> line=115, col=11, delta_line=7, delta_start=11, length=0, type=7
[1768204088] === compile_changed_files called with 1 changed files ===
[1768204088] Root files to compile: 1
[1768204088] Primary root file: FileId(0)
[1768204088] Building HIR...
[1768204088] Using partial HIR despite 1 diagnostics
[1768204088] HIR built: Some
[1768204088] Building semantic index...
[1768204088] Calling build_semantic_index_multi...
[1768204088] file_csts has 1 files
[1768204088] build_semantic_index_multi: file_csts has 1 files
[1768204088] Found root CST, calling build_semantic_index...
[1768204088] build_semantic_index called with CST having 1 blocks
[1768204088] About to call build_symbol_table...
[1768204088] build_symbol_table returned 71 symbols
[1768204088] build_semantic_index returned 71 symbols
[1768204088] Semantic index built: 71 symbols
[1768204089] Processing Use statement:
[1768204089]   use_keyword: 0..3 = 'use'
[1768204089]   from_keyword: 10..14 = 'from'
[1768204089]   selector: 4..9 = 'print'
[1768204089]   path: 15..18 = 'std'
[1768204089] Processing Use statement:
[1768204089]   use_keyword: 20..23 = 'use'
[1768204089]   from_keyword: 28..32 = 'from'
[1768204089]   selector: 24..27 = 'map'
[1768204089]   path: 33..43 = 'functional'
[1768204089] Token at byte 0..1 -> line=0, col=0, delta_line=0, delta_start=0, length=1, type=2
[1768204089] Token at byte 4..5 -> line=0, col=4, delta_line=0, delta_start=3, length=1, type=2
[1768204089] Token at byte 6..9 -> line=0, col=6, delta_line=0, delta_start=1, length=3, type=0
[1768204089] Token at byte 10..14 -> line=0, col=10, delta_line=0, delta_start=1, length=4, type=3
[1768204089] Token at byte 15..18 -> line=0, col=15, delta_line=0, delta_start=1, length=3, type=8
[1768204089] Token at byte 20..23 -> line=1, col=0, delta_line=1, delta_start=0, length=3, type=3
[1768204089] Token at byte 24..25 -> line=1, col=4, delta_line=0, delta_start=1, length=1, type=2
[1768204089] Token at byte 25..28 -> line=1, col=5, delta_line=0, delta_start=0, length=3, type=2
[1768204089] Token at byte 28..32 -> line=1, col=8, delta_line=0, delta_start=0, length=4, type=3
[1768204089] Token at byte 33..43 -> line=1, col=13, delta_line=0, delta_start=1, length=10, type=8
[1768204089] Token at byte 46..63 -> line=3, col=0, delta_line=2, delta_start=0, length=0, type=7
[1768204089] Token at byte 63..156 -> line=4, col=0, delta_line=1, delta_start=0, length=0, type=7
[1768204089] Token at byte 157..196 -> line=6, col=0, delta_line=2, delta_start=0, length=0, type=7
[1768204089] Token at byte 196..233 -> line=7, col=0, delta_line=1, delta_start=0, length=0, type=7
[1768204089] Token at byte 234..309 -> line=9, col=0, delta_line=2, delta_start=0, length=0, type=7
[1768204089] Token at byte 309..311 -> line=10, col=0, delta_line=1, delta_start=0, length=2, type=3
[1768204089] Token at byte 312..315 -> line=10, col=3, delta_line=0, delta_start=1, length=3, type=0
[1768204089] Token at byte 362..454 -> line=14, col=0, delta_line=4, delta_start=0, length=0, type=7
[1768204089] Token at byte 454..534 -> line=15, col=0, delta_line=1, delta_start=0, length=0, type=7
[1768204089] Token at byte 534..536 -> line=16, col=0, delta_line=1, delta_start=0, length=2, type=3
[1768204089] Token at byte 537..547 -> line=16, col=3, delta_line=0, delta_start=1, length=10, type=0
[1768204089] Token at byte 605..693 -> line=17, col=35, delta_line=1, delta_start=35, length=0, type=7
[1768204089] Token at byte 696..811 -> line=20, col=0, delta_line=3, delta_start=0, length=0, type=7
[1768204089] Token at byte 811..891 -> line=21, col=0, delta_line=1, delta_start=0, length=0, type=7
[1768204089] Token at byte 891..893 -> line=22, col=0, delta_line=1, delta_start=0, length=2, type=3
[1768204089] Token at byte 894..902 -> line=22, col=3, delta_line=0, delta_start=1, length=8, type=0
[1768204089] Token at byte 968..1056 -> line=23, col=39, delta_line=1, delta_start=39, length=0, type=7
[1768204089] Token at byte 1079..1082 -> line=29, col=0, delta_line=6, delta_start=0, length=3, type=3
[1768204089] Token at byte 1083..1096 -> line=29, col=4, delta_line=0, delta_start=1, length=13, type=2
[1768204089] Token at byte 1109..1217 -> line=29, col=30, delta_line=0, delta_start=13, length=0, type=7
[1768204089] Token at byte 1241..1244 -> line=32, col=0, delta_line=3, delta_start=0, length=3, type=3
[1768204089] Token at byte 1245..1249 -> line=32, col=4, delta_line=0, delta_start=1, length=4, type=1
[1768204089] Token at byte 1262..1334 -> line=32, col=21, delta_line=0, delta_start=13, length=0, type=7
[1768204089] Token at byte 1354..1386 -> line=36, col=0, delta_line=4, delta_start=0, length=0, type=7
[1768204089] Token at byte 1386..1389 -> line=37, col=0, delta_line=1, delta_start=0, length=3, type=3
[1768204089] Token at byte 1390..1392 -> line=37, col=4, delta_line=0, delta_start=1, length=2, type=1
[1768204089] Token at byte 1407..1410 -> line=39, col=0, delta_line=2, delta_start=0, length=3, type=3
[1768204089] Token at byte 1411..1417 -> line=39, col=4, delta_line=0, delta_start=1, length=6, type=1
[1768204089] Token at byte 1464..1562 -> line=39, col=57, delta_line=0, delta_start=47, length=0, type=7
[1768204089] Token at byte 1580..1583 -> line=43, col=0, delta_line=4, delta_start=0, length=3, type=3
[1768204089] Token at byte 1584..1598 -> line=43, col=4, delta_line=0, delta_start=1, length=14, type=1
[1768204089] Token at byte 1623..1678 -> line=43, col=43, delta_line=0, delta_start=25, length=0, type=7
[1768204089] Token at byte 1704..1748 -> line=47, col=0, delta_line=4, delta_start=0, length=0, type=7
[1768204089] Token at byte 1748..1859 -> line=48, col=0, delta_line=1, delta_start=0, length=0, type=7
[1768204089] Token at byte 1859..1991 -> line=49, col=0, delta_line=1, delta_start=0, length=0, type=7
[1768204089] Token at byte 1991..2138 -> line=50, col=0, delta_line=1, delta_start=0, length=0, type=7
[1768204089] Token at byte 2139..2216 -> line=52, col=0, delta_line=2, delta_start=0, length=0, type=7
[1768204089] Token at byte 2218..2243 -> line=55, col=0, delta_line=3, delta_start=0, length=0, type=7
[1768204089] Token at byte 2243..2245 -> line=56, col=0, delta_line=1, delta_start=0, length=2, type=3
[1768204089] Token at byte 2246..2249 -> line=56, col=3, delta_line=0, delta_start=1, length=3, type=0
[1768204089] Token at byte 2297..2300 -> line=60, col=0, delta_line=4, delta_start=0, length=3, type=3
[1768204089] Token at byte 2301..2312 -> line=60, col=4, delta_line=0, delta_start=1, length=11, type=1
[1768204089] Token at byte 2337..2430 -> line=60, col=40, delta_line=0, delta_start=25, length=0, type=7
[1768204089] Token at byte 2431..2434 -> line=62, col=0, delta_line=2, delta_start=0, length=3, type=3
[1768204089] Token at byte 2435..2438 -> line=62, col=4, delta_line=0, delta_start=1, length=3, type=1
[1768204089] Token at byte 2458..2544 -> line=62, col=27, delta_line=0, delta_start=20, length=0, type=7
[1768204089] Token at byte 2559..2651 -> line=66, col=0, delta_line=4, delta_start=0, length=0, type=7
[1768204089] Token at byte 2652..2654 -> line=68, col=0, delta_line=2, delta_start=0, length=2, type=3
[1768204089] Token at byte 2655..2660 -> line=68, col=3, delta_line=0, delta_start=1, length=5, type=0
[1768204089] Token at byte 2763..2785 -> line=74, col=0, delta_line=6, delta_start=0, length=0, type=7
[1768204089] Token at byte 2785..2788 -> line=75, col=0, delta_line=1, delta_start=0, length=3, type=3
[1768204089] Token at byte 2789..2806 -> line=75, col=4, delta_line=0, delta_start=1, length=17, type=1
[1768204089] Token at byte 2860..2882 -> line=77, col=25, delta_line=2, delta_start=25, length=0, type=7
[1768204089] Token at byte 2883..2908 -> line=79, col=0, delta_line=2, delta_start=0, length=0, type=7
[1768204089] Token at byte 2908..2989 -> line=80, col=0, delta_line=1, delta_start=0, length=22, type=7
[1768204089] Token at byte 2992..3229 -> line=87, col=0, delta_line=7, delta_start=0, length=2, type=7
[1768204089] Token at byte 3233..3236 -> line=108, col=0, delta_line=21, delta_start=0, length=3, type=3
[1768204089] Token at byte 3237..3243 -> line=108, col=4, delta_line=0, delta_start=1, length=6, type=1
[1768204089] Token at byte 3411..3434 -> line=115, col=11, delta_line=7, delta_start=11, length=0, type=7
[1768204089] Processing Use statement:
[1768204089]   use_keyword: 0..3 = 'use'
[1768204089]   from_keyword: 10..14 = 'from'
[1768204089]   selector: 4..9 = 'print'
[1768204089]   path: 15..18 = 'std'
[1768204089] Processing Use statement:
[1768204089]   use_keyword: 20..23 = 'use'
[1768204089]   from_keyword: 28..32 = 'from'
[1768204089]   selector: 24..27 = 'map'
[1768204089]   path: 33..43 = 'functional'
[1768204089] Token at byte 0..1 -> line=0, col=0, delta_line=0, delta_start=0, length=1, type=2
[1768204089] Token at byte 4..5 -> line=0, col=4, delta_line=0, delta_start=3, length=1, type=2
[1768204089] Token at byte 6..9 -> line=0, col=6, delta_line=0, delta_start=1, length=3, type=0
[1768204089] Token at byte 10..14 -> line=0, col=10, delta_line=0, delta_start=1, length=4, type=3
[1768204089] Token at byte 15..18 -> line=0, col=15, delta_line=0, delta_start=1, length=3, type=8
[1768204089] Token at byte 20..23 -> line=1, col=0, delta_line=1, delta_start=0, length=3, type=3
[1768204089] Token at byte 24..25 -> line=1, col=4, delta_line=0, delta_start=1, length=1, type=2
[1768204089] Token at byte 25..28 -> line=1, col=5, delta_line=0, delta_start=0, length=3, type=2
[1768204089] Token at byte 28..32 -> line=1, col=8, delta_line=0, delta_start=0, length=4, type=3
[1768204089] Token at byte 33..43 -> line=1, col=13, delta_line=0, delta_start=1, length=10, type=8
[1768204089] Token at byte 46..63 -> line=3, col=0, delta_line=2, delta_start=0, length=0, type=7
[1768204089] Token at byte 63..156 -> line=4, col=0, delta_line=1, delta_start=0, length=0, type=7
[1768204089] Token at byte 157..196 -> line=6, col=0, delta_line=2, delta_start=0, length=0, type=7
[1768204089] Token at byte 196..233 -> line=7, col=0, delta_line=1, delta_start=0, length=0, type=7
[1768204089] Token at byte 234..309 -> line=9, col=0, delta_line=2, delta_start=0, length=0, type=7
[1768204089] Token at byte 309..311 -> line=10, col=0, delta_line=1, delta_start=0, length=2, type=3
[1768204089] Token at byte 312..315 -> line=10, col=3, delta_line=0, delta_start=1, length=3, type=0
[1768204089] Token at byte 362..454 -> line=14, col=0, delta_line=4, delta_start=0, length=0, type=7
[1768204089] Token at byte 454..534 -> line=15, col=0, delta_line=1, delta_start=0, length=0, type=7
[1768204089] Token at byte 534..536 -> line=16, col=0, delta_line=1, delta_start=0, length=2, type=3
[1768204089] Token at byte 537..547 -> line=16, col=3, delta_line=0, delta_start=1, length=10, type=0
[1768204089] Token at byte 605..693 -> line=17, col=35, delta_line=1, delta_start=35, length=0, type=7
[1768204089] Token at byte 696..811 -> line=20, col=0, delta_line=3, delta_start=0, length=0, type=7
[1768204089] Token at byte 811..891 -> line=21, col=0, delta_line=1, delta_start=0, length=0, type=7
[1768204089] Token at byte 891..893 -> line=22, col=0, delta_line=1, delta_start=0, length=2, type=3
[1768204089] Token at byte 894..902 -> line=22, col=3, delta_line=0, delta_start=1, length=8, type=0
[1768204089] Token at byte 968..1056 -> line=23, col=39, delta_line=1, delta_start=39, length=0, type=7
[1768204089] Token at byte 1079..1082 -> line=29, col=0, delta_line=6, delta_start=0, length=3, type=3
[1768204089] Token at byte 1083..1096 -> line=29, col=4, delta_line=0, delta_start=1, length=13, type=2
[1768204089] Token at byte 1109..1217 -> line=29, col=30, delta_line=0, delta_start=13, length=0, type=7
[1768204089] Token at byte 1241..1244 -> line=32, col=0, delta_line=3, delta_start=0, length=3, type=3
[1768204089] Token at byte 1245..1249 -> line=32, col=4, delta_line=0, delta_start=1, length=4, type=1
[1768204089] Token at byte 1262..1334 -> line=32, col=21, delta_line=0, delta_start=13, length=0, type=7
[1768204089] Token at byte 1354..1386 -> line=36, col=0, delta_line=4, delta_start=0, length=0, type=7
[1768204089] Token at byte 1386..1389 -> line=37, col=0, delta_line=1, delta_start=0, length=3, type=3
[1768204089] Token at byte 1390..1392 -> line=37, col=4, delta_line=0, delta_start=1, length=2, type=1
[1768204089] Token at byte 1407..1410 -> line=39, col=0, delta_line=2, delta_start=0, length=3, type=3
[1768204089] Token at byte 1411..1417 -> line=39, col=4, delta_line=0, delta_start=1, length=6, type=1
[1768204089] Token at byte 1464..1562 -> line=39, col=57, delta_line=0, delta_start=47, length=0, type=7
[1768204089] Token at byte 1580..1583 -> line=43, col=0, delta_line=4, delta_start=0, length=3, type=3
[1768204089] Token at byte 1584..1598 -> line=43, col=4, delta_line=0, delta_start=1, length=14, type=1
[1768204089] Token at byte 1623..1678 -> line=43, col=43, delta_line=0, delta_start=25, length=0, type=7
[1768204089] Token at byte 1704..1748 -> line=47, col=0, delta_line=4, delta_start=0, length=0, type=7
[1768204089] Token at byte 1748..1859 -> line=48, col=0, delta_line=1, delta_start=0, length=0, type=7
[1768204089] Token at byte 1859..1991 -> line=49, col=0, delta_line=1, delta_start=0, length=0, type=7
[1768204089] Token at byte 1991..2138 -> line=50, col=0, delta_line=1, delta_start=0, length=0, type=7
[1768204089] Token at byte 2139..2216 -> line=52, col=0, delta_line=2, delta_start=0, length=0, type=7
[1768204089] Token at byte 2218..2243 -> line=55, col=0, delta_line=3, delta_start=0, length=0, type=7
[1768204089] Token at byte 2243..2245 -> line=56, col=0, delta_line=1, delta_start=0, length=2, type=3
[1768204089] Token at byte 2246..2249 -> line=56, col=3, delta_line=0, delta_start=1, length=3, type=0
[1768204089] Token at byte 2297..2300 -> line=60, col=0, delta_line=4, delta_start=0, length=3, type=3
[1768204089] Token at byte 2301..2312 -> line=60, col=4, delta_line=0, delta_start=1, length=11, type=1
[1768204089] Token at byte 2337..2430 -> line=60, col=40, delta_line=0, delta_start=25, length=0, type=7
[1768204089] Token at byte 2431..2434 -> line=62, col=0, delta_line=2, delta_start=0, length=3, type=3
[1768204089] Token at byte 2435..2438 -> line=62, col=4, delta_line=0, delta_start=1, length=3, type=1
[1768204089] Token at byte 2458..2544 -> line=62, col=27, delta_line=0, delta_start=20, length=0, type=7
[1768204089] Token at byte 2559..2651 -> line=66, col=0, delta_line=4, delta_start=0, length=0, type=7
[1768204089] Token at byte 2652..2654 -> line=68, col=0, delta_line=2, delta_start=0, length=2, type=3
[1768204089] Token at byte 2655..2660 -> line=68, col=3, delta_line=0, delta_start=1, length=5, type=0
[1768204089] Token at byte 2763..2785 -> line=74, col=0, delta_line=6, delta_start=0, length=0, type=7
[1768204089] Token at byte 2785..2788 -> line=75, col=0, delta_line=1, delta_start=0, length=3, type=3
[1768204089] Token at byte 2789..2806 -> line=75, col=4, delta_line=0, delta_start=1, length=17, type=1
[1768204089] Token at byte 2860..2882 -> line=77, col=25, delta_line=2, delta_start=25, length=0, type=7
[1768204089] Token at byte 2883..2908 -> line=79, col=0, delta_line=2, delta_start=0, length=0, type=7
[1768204089] Token at byte 2908..2989 -> line=80, col=0, delta_line=1, delta_start=0, length=22, type=7
[1768204089] Token at byte 2992..3229 -> line=87, col=0, delta_line=7, delta_start=0, length=2, type=7
[1768204089] Token at byte 3233..3236 -> line=108, col=0, delta_line=21, delta_start=0, length=3, type=3
[1768204089] Token at byte 3237..3243 -> line=108, col=4, delta_line=0, delta_start=1, length=6, type=1
[1768204089] Token at byte 3411..3434 -> line=115, col=11, delta_line=7, delta_start=11, length=0, type=7
